D:\Java\jdk1.8.0_161\bin\java.exe -Xms20M -Xmx20M -XX:+HeapDumpOnOutOfMemoryError -XX:+PrintGCDetails "-javaagent:D:\IDE\JetBrains\IntelliJ IDEA 2018.1.1\lib\idea_rt.jar=65304:D:\IDE\JetBrains\IntelliJ IDEA 2018.1.1\bin" -Dfile.encoding=UTF-8 -classpath D:\Java\jdk1.8.0_161\jre\lib\charsets.jar;D:\Java\jdk1.8.0_161\jre\lib\deploy.jar;D:\Java\jdk1.8.0_161\jre\lib\ext\access-bridge-64.jar;D:\Java\jdk1.8.0_161\jre\lib\ext\cldrdata.jar;D:\Java\jdk1.8.0_161\jre\lib\ext\dnsns.jar;D:\Java\jdk1.8.0_161\jre\lib\ext\jaccess.jar;D:\Java\jdk1.8.0_161\jre\lib\ext\jfxrt.jar;D:\Java\jdk1.8.0_161\jre\lib\ext\localedata.jar;D:\Java\jdk1.8.0_161\jre\lib\ext\nashorn.jar;D:\Java\jdk1.8.0_161\jre\lib\ext\sunec.jar;D:\Java\jdk1.8.0_161\jre\lib\ext\sunjce_provider.jar;D:\Java\jdk1.8.0_161\jre\lib\ext\sunmscapi.jar;D:\Java\jdk1.8.0_161\jre\lib\ext\sunpkcs11.jar;D:\Java\jdk1.8.0_161\jre\lib\ext\zipfs.jar;D:\Java\jdk1.8.0_161\jre\lib\javaws.jar;D:\Java\jdk1.8.0_161\jre\lib\jce.jar;D:\Java\jdk1.8.0_161\jre\lib\jfr.jar;D:\Java\jdk1.8.0_161\jre\lib\jfxswt.jar;D:\Java\jdk1.8.0_161\jre\lib\jsse.jar;D:\Java\jdk1.8.0_161\jre\lib\management-agent.jar;D:\Java\jdk1.8.0_161\jre\lib\plugin.jar;D:\Java\jdk1.8.0_161\jre\lib\resources.jar;D:\Java\jdk1.8.0_161\jre\lib\rt.jar;G:\workspace\jvm\out\production\jvm HeapOOM
[GC (Allocation Failure) [PSYoungGen: 5632K->488K(6144K)] 5632K->1108K(19968K), 0.0016871 secs] [Times: user=0.02 sys=0.00, real=0.00 secs] 
[GC (Allocation Failure) [PSYoungGen: 6120K->492K(6144K)] 6740K->1496K(19968K), 0.0012078 secs] [Times: user=0.00 sys=0.00, real=0.00 secs] 
[GC (Allocation Failure) [PSYoungGen: 6124K->510K(6144K)] 7128K->1874K(19968K), 0.0008922 secs] [Times: user=0.00 sys=0.00, real=0.00 secs] 
[GC (Allocation Failure) [PSYoungGen: 6142K->490K(6144K)] 7506K->2270K(19968K), 0.0007902 secs] [Times: user=0.00 sys=0.00, real=0.00 secs] 
[GC (Allocation Failure) [PSYoungGen: 6122K->506K(6144K)] 7902K->2622K(19968K), 0.0007250 secs] [Times: user=0.00 sys=0.00, real=0.00 secs] 
[GC (Allocation Failure) [PSYoungGen: 6138K->499K(4096K)] 8254K->3007K(17920K), 0.0008390 secs] [Times: user=0.00 sys=0.00, real=0.00 secs] 
[GC (Allocation Failure) [PSYoungGen: 4083K->443K(5120K)] 6591K->3303K(18944K), 0.0019181 secs] [Times: user=0.00 sys=0.00, real=0.00 secs] 
[GC (Allocation Failure) [PSYoungGen: 4027K->667K(5120K)] 6887K->3543K(18944K), 0.0013765 secs] [Times: user=0.00 sys=0.00, real=0.00 secs] 
[GC (Allocation Failure) [PSYoungGen: 4251K->889K(5120K)] 7127K->3821K(18944K), 0.0129213 secs] [Times: user=0.03 sys=0.00, real=0.01 secs] 
[GC (Allocation Failure) [PSYoungGen: 4473K->633K(5120K)] 7405K->4013K(18944K), 0.0033842 secs] [Times: user=0.00 sys=0.00, real=0.00 secs] 
[GC (Allocation Failure) [PSYoungGen: 4217K->224K(5120K)] 7597K->4213K(18944K), 0.0204850 secs] [Times: user=0.03 sys=0.00, real=0.02 secs] 
[GC (Allocation Failure) [PSYoungGen: 3808K->288K(5120K)] 7797K->4501K(18944K), 0.0030778 secs] [Times: user=0.00 sys=0.00, real=0.00 secs] 
[GC (Allocation Failure) [PSYoungGen: 3872K->256K(5120K)] 8085K->4709K(18944K), 0.0011617 secs] [Times: user=0.00 sys=0.00, real=0.00 secs] 
[GC (Allocation Failure) [PSYoungGen: 3840K->256K(5120K)] 8293K->4941K(18944K), 0.0060980 secs] [Times: user=0.00 sys=0.00, real=0.01 secs] 
[GC (Allocation Failure) [PSYoungGen: 3840K->501K(5120K)] 8525K->5411K(18944K), 0.0017878 secs] [Times: user=0.05 sys=0.00, real=0.00 secs] 
[GC (Allocation Failure) [PSYoungGen: 4085K->256K(5120K)] 8995K->5659K(18944K), 0.0032194 secs] [Times: user=0.00 sys=0.00, real=0.00 secs] 
[GC (Allocation Failure) [PSYoungGen: 3840K->224K(5120K)] 9243K->5851K(18944K), 0.0013151 secs] [Times: user=0.05 sys=0.00, real=0.00 secs] 
[GC (Allocation Failure) [PSYoungGen: 3808K->256K(5120K)] 9435K->6107K(18944K), 0.0011020 secs] [Times: user=0.00 sys=0.00, real=0.00 secs] 
[GC (Allocation Failure) [PSYoungGen: 3840K->256K(5120K)] 9691K->6331K(18944K), 0.0038798 secs] [Times: user=0.00 sys=0.00, real=0.00 secs] 
[GC (Allocation Failure) [PSYoungGen: 3840K->288K(5120K)] 9915K->6595K(18944K), 0.0026930 secs] [Times: user=0.00 sys=0.00, real=0.00 secs] 
[GC (Allocation Failure) [PSYoungGen: 3872K->224K(5120K)] 10179K->6755K(18944K), 0.0106335 secs] [Times: user=0.03 sys=0.00, real=0.01 secs] 
[GC (Allocation Failure) [PSYoungGen: 3808K->256K(5120K)] 10339K->7019K(18944K), 0.0011056 secs] [Times: user=0.00 sys=0.00, real=0.00 secs] 
[GC (Allocation Failure) [PSYoungGen: 3840K->224K(5120K)] 10603K->7211K(18944K), 0.0020195 secs] [Times: user=0.00 sys=0.00, real=0.00 secs] 
[GC (Allocation Failure) [PSYoungGen: 3808K->640K(5120K)] 10795K->7860K(18944K), 0.0012271 secs] [Times: user=0.00 sys=0.00, real=0.00 secs] 
[GC (Allocation Failure) [PSYoungGen: 4224K->288K(5120K)] 11444K->8140K(18944K), 0.0012613 secs] [Times: user=0.00 sys=0.00, real=0.00 secs] 
[GC (Allocation Failure) [PSYoungGen: 3872K->256K(5632K)] 11724K->8332K(19456K), 0.0010067 secs] [Times: user=0.00 sys=0.00, real=0.00 secs] 
[GC (Allocation Failure) [PSYoungGen: 4352K->288K(5120K)] 12428K->8596K(18944K), 0.0018379 secs] [Times: user=0.00 sys=0.00, real=0.00 secs] 
[GC (Allocation Failure) [PSYoungGen: 4384K->288K(5632K)] 12692K->8852K(19456K), 0.0023693 secs] [Times: user=0.00 sys=0.00, real=0.00 secs] 
[GC (Allocation Failure) [PSYoungGen: 4896K->352K(5632K)] 13460K->9180K(19456K), 0.0012466 secs] [Times: user=0.00 sys=0.00, real=0.00 secs] 
[GC (Allocation Failure) [PSYoungGen: 4960K->320K(5632K)] 13788K->9428K(19456K), 0.0013352 secs] [Times: user=0.00 sys=0.00, real=0.00 secs] 
[GC (Allocation Failure) [PSYoungGen: 4928K->288K(5632K)] 14036K->9684K(19456K), 0.0011254 secs] [Times: user=0.00 sys=0.00, real=0.00 secs] 
[GC (Allocation Failure) [PSYoungGen: 4896K->352K(5632K)] 14292K->10036K(19456K), 0.0011176 secs] [Times: user=0.00 sys=0.00, real=0.00 secs] 
[GC (Allocation Failure) [PSYoungGen: 4960K->320K(5632K)] 14644K->10308K(19456K), 0.0011493 secs] [Times: user=0.00 sys=0.00, real=0.00 secs] 
[GC (Allocation Failure) [PSYoungGen: 4928K->352K(5632K)] 14916K->10636K(19456K), 0.0011132 secs] [Times: user=0.00 sys=0.00, real=0.00 secs] 
[GC (Allocation Failure) [PSYoungGen: 4960K->1009K(5632K)] 15244K->11605K(19456K), 0.0011736 secs] [Times: user=0.00 sys=0.00, real=0.00 secs] 
[GC (Allocation Failure) [PSYoungGen: 5617K->352K(5632K)] 16213K->11845K(19456K), 0.0013766 secs] [Times: user=0.00 sys=0.00, real=0.00 secs] 
[GC (Allocation Failure) [PSYoungGen: 4960K->384K(5632K)] 16453K->12173K(19456K), 0.0011958 secs] [Times: user=0.00 sys=0.00, real=0.00 secs] 
[GC (Allocation Failure) [PSYoungGen: 4992K->352K(5632K)] 16781K->12453K(19456K), 0.0011256 secs] [Times: user=0.00 sys=0.00, real=0.00 secs] 
[GC (Allocation Failure) [PSYoungGen: 4960K->352K(5632K)] 17061K->12757K(19456K), 0.0012999 secs] [Times: user=0.00 sys=0.00, real=0.00 secs] 
[GC (Allocation Failure) [PSYoungGen: 4960K->384K(5632K)] 17365K->13101K(19456K), 0.0011516 secs] [Times: user=0.00 sys=0.00, real=0.00 secs] 
[GC (Allocation Failure) [PSYoungGen: 4992K->352K(5632K)] 17709K->13365K(19456K), 0.0013833 secs] [Times: user=0.00 sys=0.00, real=0.00 secs] 
[GC (Allocation Failure) [PSYoungGen: 4960K->352K(5632K)] 17973K->13685K(19456K), 0.0011347 secs] [Times: user=0.00 sys=0.00, real=0.00 secs] 
[Full GC (Ergonomics) [PSYoungGen: 352K->0K(5632K)] [ParOldGen: 13333K->12081K(13824K)] 13685K->12081K(19456K), [Metaspace: 4026K->4026K(1056768K)], 0.0533562 secs] [Times: user=0.25 sys=0.00, real=0.05 secs] 
[GC (Allocation Failure) [PSYoungGen: 4608K->384K(5632K)] 16689K->12465K(19456K), 0.0006965 secs] [Times: user=0.00 sys=0.00, real=0.00 secs] 
[GC (Allocation Failure) [PSYoungGen: 4992K->320K(5632K)] 17073K->12697K(19456K), 0.0010981 secs] [Times: user=0.00 sys=0.00, real=0.00 secs] 
[GC (Allocation Failure) [PSYoungGen: 4928K->320K(5632K)] 17305K->12993K(19456K), 0.0012150 secs] [Times: user=0.00 sys=0.00, real=0.00 secs] 
[GC (Allocation Failure) [PSYoungGen: 4928K->384K(5632K)] 17601K->13369K(19456K), 0.0011633 secs] [Times: user=0.00 sys=0.00, real=0.00 secs] 
[GC (Allocation Failure) [PSYoungGen: 4992K->384K(5632K)] 17977K->13665K(19456K), 0.0010708 secs] [Times: user=0.00 sys=0.00, real=0.00 secs] 
[GC (Allocation Failure) [PSYoungGen: 4992K->320K(5632K)] 18273K->13897K(19456K), 0.0027099 secs] [Times: user=0.03 sys=0.02, real=0.00 secs] 
[Full GC (Ergonomics) [PSYoungGen: 320K->0K(5632K)] [ParOldGen: 13577K->13796K(13824K)] 13897K->13796K(19456K), [Metaspace: 4026K->4026K(1056768K)], 0.0442149 secs] [Times: user=0.16 sys=0.00, real=0.04 secs] 
[Full GC (Ergonomics) [PSYoungGen: 3687K->193K(5632K)] [ParOldGen: 13796K->13822K(13824K)] 17483K->14015K(19456K), [Metaspace: 4026K->4026K(1056768K)], 0.0410582 secs] [Times: user=0.14 sys=0.00, real=0.04 secs] 
[Full GC (Ergonomics) [PSYoungGen: 4608K->1348K(5632K)] [ParOldGen: 13822K->13197K(13824K)] 18430K->14545K(19456K), [Metaspace: 4026K->4026K(1056768K)], 0.0354290 secs] [Times: user=0.14 sys=0.00, real=0.04 secs] 
[GC (Allocation Failure) [PSYoungGen: 4608K->1001K(5632K)] 17805K->14774K(19456K), 0.0017336 secs] [Times: user=0.00 sys=0.00, real=0.00 secs] 
[Full GC (Ergonomics) [PSYoungGen: 1001K->1001K(5632K)] [ParOldGen: 13773K->13747K(13824K)] 14774K->14749K(19456K), [Metaspace: 4026K->4026K(1056768K)], 0.0350630 secs] [Times: user=0.14 sys=0.00, real=0.03 secs] 
[Full GC (Ergonomics) [PSYoungGen: 5609K->1225K(5632K)] [ParOldGen: 13747K->13811K(13824K)] 19357K->15037K(19456K), [Metaspace: 4026K->4026K(1056768K)], 0.0377339 secs] [Times: user=0.20 sys=0.00, real=0.04 secs] 
[Full GC (Ergonomics) [PSYoungGen: 4608K->1437K(5632K)] [ParOldGen: 13811K->13811K(13824K)] 18419K->15248K(19456K), [Metaspace: 4026K->4026K(1056768K)], 0.0344044 secs] [Times: user=0.16 sys=0.00, real=0.03 secs] 
[Full GC (Ergonomics) [PSYoungGen: 4608K->1641K(5632K)] [ParOldGen: 13811K->13811K(13824K)] 18419K->15452K(19456K), [Metaspace: 4026K->4026K(1056768K)], 0.0408588 secs] [Times: user=0.09 sys=0.01, real=0.04 secs] 
[Full GC (Ergonomics) [PSYoungGen: 4608K->1833K(5632K)] [ParOldGen: 13811K->13811K(13824K)] 18419K->15645K(19456K), [Metaspace: 4026K->4026K(1056768K)], 0.0340160 secs] [Times: user=0.09 sys=0.00, real=0.03 secs] 
[Full GC (Ergonomics) [PSYoungGen: 4608K->2013K(5632K)] [ParOldGen: 13811K->13811K(13824K)] 18419K->15824K(19456K), [Metaspace: 4026K->4026K(1056768K)], 0.0311878 secs] [Times: user=0.09 sys=0.00, real=0.03 secs] 
[Full GC (Ergonomics) [PSYoungGen: 4608K->2182K(5632K)] [ParOldGen: 13811K->13811K(13824K)] 18419K->15993K(19456K), [Metaspace: 4026K->4026K(1056768K)], 0.0376022 secs] [Times: user=0.20 sys=0.00, real=0.04 secs] 
[Full GC (Ergonomics) [PSYoungGen: 4608K->2339K(5632K)] [ParOldGen: 13811K->13811K(13824K)] 18419K->16150K(19456K), [Metaspace: 4026K->4026K(1056768K)], 0.0378467 secs] [Times: user=0.16 sys=0.00, real=0.04 secs] 
[Full GC (Ergonomics) [PSYoungGen: 4608K->2486K(5632K)] [ParOldGen: 13811K->13811K(13824K)] 18419K->16297K(19456K), [Metaspace: 4026K->4026K(1056768K)], 0.0360223 secs] [Times: user=0.22 sys=0.00, real=0.04 secs] 
[Full GC (Ergonomics) [PSYoungGen: 4608K->2624K(5632K)] [ParOldGen: 13811K->13811K(13824K)] 18419K->16435K(19456K), [Metaspace: 4026K->4026K(1056768K)], 0.0430358 secs] [Times: user=0.13 sys=0.00, real=0.04 secs] 
[Full GC (Ergonomics) [PSYoungGen: 4608K->2753K(5632K)] [ParOldGen: 13811K->13811K(13824K)] 18419K->16564K(19456K), [Metaspace: 4026K->4026K(1056768K)], 0.0403548 secs] [Times: user=0.16 sys=0.00, real=0.04 secs] 
[Full GC (Ergonomics) [PSYoungGen: 4608K->2873K(5632K)] [ParOldGen: 13811K->13811K(13824K)] 18419K->16684K(19456K), [Metaspace: 4026K->4026K(1056768K)], 0.0391765 secs] [Times: user=0.25 sys=0.00, real=0.04 secs] 
[Full GC (Ergonomics) [PSYoungGen: 4608K->2986K(5632K)] [ParOldGen: 13811K->13811K(13824K)] 18419K->16797K(19456K), [Metaspace: 4026K->4026K(1056768K)], 0.0430195 secs] [Times: user=0.26 sys=0.00, real=0.04 secs] 
[Full GC (Ergonomics) [PSYoungGen: 4608K->3091K(5632K)] [ParOldGen: 13811K->13811K(13824K)] 18419K->16902K(19456K), [Metaspace: 4026K->4026K(1056768K)], 0.0429189 secs] [Times: user=0.20 sys=0.00, real=0.04 secs] 
[Full GC (Ergonomics) [PSYoungGen: 4608K->3189K(5632K)] [ParOldGen: 13811K->13811K(13824K)] 18419K->17000K(19456K), [Metaspace: 4026K->4026K(1056768K)], 0.0420138 secs] [Times: user=0.14 sys=0.00, real=0.04 secs] 
[Full GC (Ergonomics) [PSYoungGen: 4608K->3281K(5632K)] [ParOldGen: 13811K->13811K(13824K)] 18419K->17092K(19456K), [Metaspace: 4026K->4026K(1056768K)], 0.0434220 secs] [Times: user=0.27 sys=0.00, real=0.04 secs] 
[Full GC (Ergonomics) [PSYoungGen: 4608K->3367K(5632K)] [ParOldGen: 13811K->13811K(13824K)] 18419K->17178K(19456K), [Metaspace: 4026K->4026K(1056768K)], 0.0422258 secs] [Times: user=0.23 sys=0.00, real=0.04 secs] 
[Full GC (Ergonomics) [PSYoungGen: 4608K->3448K(5632K)] [ParOldGen: 13811K->13811K(13824K)] 18419K->17259K(19456K), [Metaspace: 4026K->4026K(1056768K)], 0.0428516 secs] [Times: user=0.28 sys=0.00, real=0.04 secs] 
[Full GC (Ergonomics) [PSYoungGen: 4608K->3523K(5632K)] [ParOldGen: 13811K->13811K(13824K)] 18419K->17334K(19456K), [Metaspace: 4026K->4026K(1056768K)], 0.0420073 secs] [Times: user=0.19 sys=0.00, real=0.04 secs] 
[Full GC (Ergonomics) [PSYoungGen: 4608K->3593K(5632K)] [ParOldGen: 13811K->13811K(13824K)] 18419K->17404K(19456K), [Metaspace: 4026K->4026K(1056768K)], 0.0442935 secs] [Times: user=0.25 sys=0.00, real=0.05 secs] 
[Full GC (Ergonomics) [PSYoungGen: 4608K->3659K(5632K)] [ParOldGen: 13811K->13811K(13824K)] 18419K->17470K(19456K), [Metaspace: 4026K->4026K(1056768K)], 0.0435156 secs] [Times: user=0.27 sys=0.00, real=0.04 secs] 
[Full GC (Ergonomics) [PSYoungGen: 4608K->3720K(5632K)] [ParOldGen: 13811K->13811K(13824K)] 18419K->17532K(19456K), [Metaspace: 4026K->4026K(1056768K)], 0.0436760 secs] [Times: user=0.28 sys=0.00, real=0.04 secs] 
[Full GC (Ergonomics) [PSYoungGen: 4608K->3778K(5632K)] [ParOldGen: 13811K->13811K(13824K)] 18419K->17589K(19456K), [Metaspace: 4026K->4026K(1056768K)], 0.0439008 secs] [Times: user=0.28 sys=0.00, real=0.04 secs] 
[Full GC (Ergonomics) [PSYoungGen: 4608K->3832K(5632K)] [ParOldGen: 13811K->13811K(13824K)] 18419K->17643K(19456K), [Metaspace: 4026K->4026K(1056768K)], 0.0444588 secs] [Times: user=0.20 sys=0.00, real=0.04 secs] 
[Full GC (Ergonomics) [PSYoungGen: 4608K->3882K(5632K)] [ParOldGen: 13811K->13811K(13824K)] 18419K->17693K(19456K), [Metaspace: 4026K->4026K(1056768K)], 0.0441391 secs] [Times: user=0.20 sys=0.00, real=0.04 secs] 
[Full GC (Ergonomics) [PSYoungGen: 4608K->3929K(5632K)] [ParOldGen: 13811K->13811K(13824K)] 18419K->17740K(19456K), [Metaspace: 4026K->4026K(1056768K)], 0.0440080 secs] [Times: user=0.19 sys=0.00, real=0.04 secs] 
[Full GC (Ergonomics) [PSYoungGen: 4608K->3973K(5632K)] [ParOldGen: 13811K->13811K(13824K)] 18419K->17784K(19456K), [Metaspace: 4026K->4026K(1056768K)], 0.0448546 secs] [Times: user=0.28 sys=0.00, real=0.05 secs] 
[Full GC (Ergonomics) [PSYoungGen: 4608K->4014K(5632K)] [ParOldGen: 13811K->13811K(13824K)] 18419K->17826K(19456K), [Metaspace: 4026K->4026K(1056768K)], 0.0427026 secs] [Times: user=0.27 sys=0.00, real=0.04 secs] 
[Full GC (Ergonomics) [PSYoungGen: 4608K->4053K(5632K)] [ParOldGen: 13811K->13811K(13824K)] 18419K->17864K(19456K), [Metaspace: 4026K->4026K(1056768K)], 0.0447606 secs] [Times: user=0.27 sys=0.00, real=0.05 secs] 
[Full GC (Ergonomics) [PSYoungGen: 4608K->4089K(5632K)] [ParOldGen: 13811K->13811K(13824K)] 18419K->17900K(19456K), [Metaspace: 4026K->4026K(1056768K)], 0.0432119 secs] [Times: user=0.17 sys=0.00, real=0.04 secs] 
[Full GC (Ergonomics) [PSYoungGen: 4608K->4122K(5632K)] [ParOldGen: 13811K->13811K(13824K)] 18419K->17933K(19456K), [Metaspace: 4026K->4026K(1056768K)], 0.0454357 secs] [Times: user=0.20 sys=0.00, real=0.05 secs] 
[Full GC (Ergonomics) [PSYoungGen: 4608K->4153K(5632K)] [ParOldGen: 13811K->13774K(13824K)] 18419K->17928K(19456K), [Metaspace: 4026K->4026K(1056768K)], 0.0562695 secs] [Times: user=0.20 sys=0.00, real=0.06 secs] 
[Full GC (Ergonomics) [PSYoungGen: 4608K->4183K(5632K)] [ParOldGen: 13774K->13774K(13824K)] 18382K->17957K(19456K), [Metaspace: 4026K->4026K(1056768K)], 0.0447086 secs] [Times: user=0.27 sys=0.00, real=0.05 secs] 
[Full GC (Ergonomics) [PSYoungGen: 4608K->4210K(5632K)] [ParOldGen: 13774K->13774K(13824K)] 18382K->17985K(19456K), [Metaspace: 4026K->4026K(1056768K)], 0.0458423 secs] [Times: user=0.28 sys=0.00, real=0.05 secs] 
[Full GC (Ergonomics) [PSYoungGen: 4608K->4236K(5632K)] [ParOldGen: 13774K->13774K(13824K)] 18382K->18010K(19456K), [Metaspace: 4026K->4026K(1056768K)], 0.0430643 secs] [Times: user=0.23 sys=0.00, real=0.04 secs] 
[Full GC (Ergonomics) [PSYoungGen: 4608K->4260K(5632K)] [ParOldGen: 13774K->13774K(13824K)] 18382K->18034K(19456K), [Metaspace: 4026K->4026K(1056768K)], 0.0433203 secs] [Times: user=0.25 sys=0.00, real=0.04 secs] 
[Full GC (Ergonomics) [PSYoungGen: 4608K->4281K(5632K)] [ParOldGen: 13774K->13774K(13824K)] 18382K->18056K(19456K), [Metaspace: 4026K->4026K(1056768K)], 0.0424433 secs] [Times: user=0.16 sys=0.00, real=0.04 secs] 
[Full GC (Ergonomics) [PSYoungGen: 4608K->4302K(5632K)] [ParOldGen: 13774K->13774K(13824K)] 18382K->18076K(19456K), [Metaspace: 4026K->4026K(1056768K)], 0.0432047 secs] [Times: user=0.14 sys=0.00, real=0.04 secs] 
[Full GC (Ergonomics) [PSYoungGen: 4608K->4321K(5632K)] [ParOldGen: 13774K->13774K(13824K)] 18382K->18095K(19456K), [Metaspace: 4026K->4026K(1056768K)], 0.0438667 secs] [Times: user=0.25 sys=0.00, real=0.04 secs] 
[Full GC (Ergonomics) [PSYoungGen: 4608K->4338K(5632K)] [ParOldGen: 13774K->13774K(13824K)] 18382K->18113K(19456K), [Metaspace: 4026K->4026K(1056768K)], 0.0410429 secs] [Times: user=0.13 sys=0.00, real=0.04 secs] 
[Full GC (Ergonomics) [PSYoungGen: 4608K->4355K(5632K)] [ParOldGen: 13774K->13774K(13824K)] 18382K->18130K(19456K), [Metaspace: 4026K->4026K(1056768K)], 0.0457386 secs] [Times: user=0.26 sys=0.00, real=0.05 secs] 
[Full GC (Ergonomics) [PSYoungGen: 4608K->4371K(5632K)] [ParOldGen: 13774K->13774K(13824K)] 18382K->18145K(19456K), [Metaspace: 4026K->4026K(1056768K)], 0.0441427 secs] [Times: user=0.24 sys=0.00, real=0.04 secs] 
[Full GC (Ergonomics) [PSYoungGen: 4608K->4385K(5632K)] [ParOldGen: 13774K->13774K(13824K)] 18382K->18160K(19456K), [Metaspace: 4026K->4026K(1056768K)], 0.0454857 secs] [Times: user=0.19 sys=0.00, real=0.05 secs] 
[Full GC (Ergonomics) [PSYoungGen: 4608K->4400K(5632K)] [ParOldGen: 13774K->13774K(13824K)] 18382K->18174K(19456K), [Metaspace: 4026K->4026K(1056768K)], 0.0443810 secs] [Times: user=0.16 sys=0.00, real=0.04 secs] 
[Full GC (Ergonomics) [PSYoungGen: 4608K->4412K(5632K)] [ParOldGen: 13774K->13774K(13824K)] 18382K->18187K(19456K), [Metaspace: 4026K->4026K(1056768K)], 0.0455579 secs] [Times: user=0.28 sys=0.00, real=0.05 secs] 
[Full GC (Ergonomics) [PSYoungGen: 4608K->4425K(5632K)] [ParOldGen: 13774K->13774K(13824K)] 18382K->18199K(19456K), [Metaspace: 4026K->4026K(1056768K)], 0.0463414 secs] [Times: user=0.28 sys=0.00, real=0.05 secs] 
[Full GC (Ergonomics) [PSYoungGen: 4608K->4436K(5632K)] [ParOldGen: 13774K->13774K(13824K)] 18382K->18210K(19456K), [Metaspace: 4026K->4026K(1056768K)], 0.0454234 secs] [Times: user=0.28 sys=0.00, real=0.05 secs] 
[Full GC (Ergonomics) [PSYoungGen: 4608K->4447K(5632K)] [ParOldGen: 13774K->13774K(13824K)] 18382K->18221K(19456K), [Metaspace: 4026K->4026K(1056768K)], 0.0458110 secs] [Times: user=0.23 sys=0.00, real=0.05 secs] 
[Full GC (Ergonomics) [PSYoungGen: 4608K->4456K(5632K)] [ParOldGen: 13774K->13774K(13824K)] 18382K->18231K(19456K), [Metaspace: 4026K->4026K(1056768K)], 0.0458522 secs] [Times: user=0.28 sys=0.00, real=0.05 secs] 
[Full GC (Ergonomics) [PSYoungGen: 4608K->4466K(5632K)] [ParOldGen: 13774K->13774K(13824K)] 18382K->18240K(19456K), [Metaspace: 4026K->4026K(1056768K)], 0.0457769 secs] [Times: user=0.28 sys=0.00, real=0.05 secs] 
[Full GC (Ergonomics) [PSYoungGen: 4608K->4475K(5632K)] [ParOldGen: 13774K->13774K(13824K)] 18382K->18249K(19456K), [Metaspace: 4026K->4026K(1056768K)], 0.0459926 secs] [Times: user=0.28 sys=0.00, real=0.05 secs] 
[Full GC (Ergonomics) [PSYoungGen: 4608K->4483K(5632K)] [ParOldGen: 13774K->13774K(13824K)] 18382K->18257K(19456K), [Metaspace: 4026K->4026K(1056768K)], 0.0461359 secs] [Times: user=0.27 sys=0.00, real=0.05 secs] 
[Full GC (Ergonomics) [PSYoungGen: 4608K->4490K(5632K)] [ParOldGen: 13774K->13774K(13824K)] 18382K->18265K(19456K), [Metaspace: 4026K->4026K(1056768K)], 0.0457750 secs] [Times: user=0.26 sys=0.00, real=0.05 secs] 
[Full GC (Ergonomics) [PSYoungGen: 4608K->4498K(5632K)] [ParOldGen: 13774K->13774K(13824K)] 18382K->18272K(19456K), [Metaspace: 4026K->4026K(1056768K)], 0.0461535 secs] [Times: user=0.28 sys=0.00, real=0.05 secs] 
[Full GC (Ergonomics) [PSYoungGen: 4608K->4505K(5632K)] [ParOldGen: 13774K->13774K(13824K)] 18382K->18279K(19456K), [Metaspace: 4026K->4026K(1056768K)], 0.0464887 secs] [Times: user=0.28 sys=0.00, real=0.05 secs] 
[Full GC (Ergonomics) [PSYoungGen: 4608K->4511K(5632K)] [ParOldGen: 13774K->13774K(13824K)] 18382K->18285K(19456K), [Metaspace: 4026K->4026K(1056768K)], 0.0464589 secs] [Times: user=0.28 sys=0.00, real=0.05 secs] 
[Full GC (Ergonomics) [PSYoungGen: 4608K->4517K(5632K)] [ParOldGen: 13774K->13774K(13824K)] 18382K->18291K(19456K), [Metaspace: 4026K->4026K(1056768K)], 0.0460864 secs] [Times: user=0.28 sys=0.00, real=0.05 secs] 
[Full GC (Ergonomics) [PSYoungGen: 4608K->4522K(5632K)] [ParOldGen: 13774K->13774K(13824K)] 18382K->18297K(19456K), [Metaspace: 4026K->4026K(1056768K)], 0.0449540 secs] [Times: user=0.19 sys=0.00, real=0.05 secs] 
[Full GC (Ergonomics) [PSYoungGen: 4608K->4528K(5632K)] [ParOldGen: 13774K->13774K(13824K)] 18382K->18302K(19456K), [Metaspace: 4026K->4026K(1056768K)], 0.0452155 secs] [Times: user=0.22 sys=0.00, real=0.04 secs] 
[Full GC (Ergonomics) [PSYoungGen: 4608K->4533K(5632K)] [ParOldGen: 13774K->13774K(13824K)] 18382K->18307K(19456K), [Metaspace: 4026K->4026K(1056768K)], 0.0464736 secs] [Times: user=0.28 sys=0.00, real=0.05 secs] 
[Full GC (Ergonomics) [PSYoungGen: 4608K->4537K(5632K)] [ParOldGen: 13774K->13774K(13824K)] 18382K->18312K(19456K), [Metaspace: 4026K->4026K(1056768K)], 0.0465536 secs] [Times: user=0.27 sys=0.00, real=0.05 secs] 
[Full GC (Ergonomics) [PSYoungGen: 4607K->4542K(5632K)] [ParOldGen: 13774K->13774K(13824K)] 18382K->18316K(19456K), [Metaspace: 4026K->4026K(1056768K)], 0.0466896 secs] [Times: user=0.26 sys=0.00, real=0.05 secs] 
[Full GC (Ergonomics) [PSYoungGen: 4608K->4546K(5632K)] [ParOldGen: 13774K->13774K(13824K)] 18382K->18320K(19456K), [Metaspace: 4026K->4026K(1056768K)], 0.0442727 secs] [Times: user=0.19 sys=0.00, real=0.04 secs] 
[Full GC (Ergonomics) [PSYoungGen: 4608K->4549K(5632K)] [ParOldGen: 13774K->13774K(13824K)] 18382K->18324K(19456K), [Metaspace: 4026K->4026K(1056768K)], 0.0464207 secs] [Times: user=0.20 sys=0.00, real=0.05 secs] 
[Full GC (Ergonomics) [PSYoungGen: 4607K->4553K(5632K)] [ParOldGen: 13774K->13774K(13824K)] 18382K->18328K(19456K), [Metaspace: 4026K->4026K(1056768K)], 0.0464071 secs] [Times: user=0.19 sys=0.00, real=0.05 secs] 
[Full GC (Ergonomics) [PSYoungGen: 4608K->4556K(5632K)] [ParOldGen: 13774K->13774K(13824K)] 18382K->18331K(19456K), [Metaspace: 4026K->4026K(1056768K)], 0.0469170 secs] [Times: user=0.28 sys=0.00, real=0.05 secs] 
[Full GC (Ergonomics) [PSYoungGen: 4608K->4560K(5632K)] [ParOldGen: 13774K->13774K(13824K)] 18382K->18334K(19456K), [Metaspace: 4026K->4026K(1056768K)], 0.0460957 secs] [Times: user=0.22 sys=0.02, real=0.05 secs] 
[Full GC (Ergonomics) [PSYoungGen: 4608K->4563K(5632K)] [ParOldGen: 13774K->13774K(13824K)] 18382K->18337K(19456K), [Metaspace: 4026K->4026K(1056768K)], 0.0460308 secs] [Times: user=0.28 sys=0.00, real=0.05 secs] 
[Full GC (Ergonomics) [PSYoungGen: 4608K->4565K(5632K)] [ParOldGen: 13774K->13774K(13824K)] 18382K->18340K(19456K), [Metaspace: 4026K->4026K(1056768K)], 0.0442455 secs] [Times: user=0.23 sys=0.00, real=0.04 secs] 
[Full GC (Ergonomics) [PSYoungGen: 4608K->4568K(5632K)] [ParOldGen: 13774K->13774K(13824K)] 18382K->18342K(19456K), [Metaspace: 4026K->4026K(1056768K)], 0.0470274 secs] [Times: user=0.27 sys=0.00, real=0.05 secs] 
[Full GC (Ergonomics) [PSYoungGen: 4608K->4570K(5632K)] [ParOldGen: 13774K->13774K(13824K)] 18382K->18345K(19456K), [Metaspace: 4026K->4026K(1056768K)], 0.0467319 secs] [Times: user=0.28 sys=0.00, real=0.05 secs] 
[Full GC (Ergonomics) [PSYoungGen: 4608K->4572K(5632K)] [ParOldGen: 13774K->13774K(13824K)] 18382K->18347K(19456K), [Metaspace: 4026K->4026K(1056768K)], 0.0463614 secs] [Times: user=0.28 sys=0.00, real=0.05 secs] 
[Full GC (Ergonomics) [PSYoungGen: 4608K->4575K(5632K)] [ParOldGen: 13774K->13774K(13824K)] 18382K->18349K(19456K), [Metaspace: 4026K->4026K(1056768K)], 0.0459458 secs] [Times: user=0.23 sys=0.00, real=0.05 secs] 
[Full GC (Ergonomics) [PSYoungGen: 4608K->4577K(5632K)] [ParOldGen: 13774K->13774K(13824K)] 18382K->18351K(19456K), [Metaspace: 4026K->4026K(1056768K)], 0.0464338 secs] [Times: user=0.28 sys=0.00, real=0.05 secs] 
[Full GC (Ergonomics) [PSYoungGen: 4608K->4579K(5632K)] [ParOldGen: 13774K->13774K(13824K)] 18382K->18353K(19456K), [Metaspace: 4026K->4026K(1056768K)], 0.0532618 secs] [Times: user=0.30 sys=0.00, real=0.05 secs] 
java.lang.OutOfMemoryError: GC overhead limit exceeded
Dumping heap to java_pid21296.hprof ...
Heap dump file created [23112983 bytes in 0.063 secs]
[Full GC (Ergonomics) Exception in thread "main" java.lang.OutOfMemoryError: GC overhead limit exceeded
	at java.util.Formatter$FormatSpecifier.checkInteger(Formatter.java:2987)
	at java.util.Formatter$FormatSpecifier.<init>(Formatter.java:2729)
	at java.util.Formatter.parse(Formatter.java:2560)
	at java.util.Formatter.format(Formatter.java:2501)
	at java.util.Formatter.format(Formatter.java:2455)
	at java.lang.String.format(String.java:2940)
	at HeapOOM.main(HeapOOM.java:10)
[PSYoungGen: 4608K->0K(5632K)] [ParOldGen: 13774K->848K(13824K)] 18382K->848K(19456K), [Metaspace: 4052K->4052K(1056768K)], 0.0058245 secs] [Times: user=0.00 sys=0.00, real=0.01 secs] 
Heap
 PSYoungGen      total 5632K, used 49K [0x00000000ff980000, 0x0000000100000000, 0x0000000100000000)
  eden space 4608K, 1% used [0x00000000ff980000,0x00000000ff98c470,0x00000000ffe00000)
  from space 1024K, 0% used [0x00000000ffe00000,0x00000000ffe00000,0x00000000fff00000)
  to   space 1024K, 0% used [0x00000000fff00000,0x00000000fff00000,0x0000000100000000)
 ParOldGen       total 13824K, used 848K [0x00000000fec00000, 0x00000000ff980000, 0x00000000ff980000)
  object space 13824K, 6% used [0x00000000fec00000,0x00000000fecd4060,0x00000000ff980000)
 Metaspace       used 4058K, capacity 4642K, committed 4864K, reserved 1056768K
  class space    used 438K, capacity 462K, committed 512K, reserved 1048576K

Process finished with exit code 1
